// Jest Snapshot v1, https://goo.gl/fbAQLP

exports[`Movie list component should render Movie list component 1`] = `
<div
  className="movie-list"
/>
`;
